Lorem ipsum 
Error: unexpected end of file. Expecting keyword TLDR
