What is the base? 
LOL>> 4
What is the exponent? 
LOL>> 32
4 to the 32 is 18446744073709551616 
