10 
20 
30 
None 
Unexpected error: Found return statement outside function.
