Error: invalid number of arguments in function call.
