Error: unexpected end of file. Expecting keyword KTHXBAI
