LOL>> 4 
LOL>> 34 
LOL>> Hello 
LOL>> this 
LOL>> is output 
LOL>> with 
LOL>> the LOL>> input command 
LOL>> 