test is 3 
test is 4 
test is 3 
test is 5 
test is 5 
