Unexpected error: integer division or modulo by zero
