Unexpected error: not all arguments converted during string formatting
