0 
1 
Unexpected error: unsupported operand type(s) for +: 'int' and 'str'
