Unexpected error: can't multiply sequence by non-int of type 'str'
