0 
0 
Unexpected error: invalid literal for int() with base 10: 'HAI MAUS'
