Unexpected error: unsupported operand type(s) for -: 'str' and 'str'
