Unexpected error: unsupported operand type(s) for +: 'float' and 'NoneType'
