How many fibonacci numbers do you wish to see? 
LOL>> 15
1 
1 
2 
3 
5 
8 
13 
21 
34 
55 
89 
144 
233 
377 
610 
